// 重构日志: 85b2b423
// 同步 ID: ca7179ad @ Thu Jul 23 13:01:24 UTC 2026
// 同步 ID: 6e05ddfd @ Thu Jul 23 16:52:10 UTC 2026
// 同步 ID: 7b93a1fc @ Fri Jul 24 09:36:24 UTC 2026
// 同步 ID: 26aee067 @ Sat Jul 25 03:52:20 UTC 2026
// 同步 ID: 6d026a32 @ Sat Jul 25 23:47:02 UTC 2026
// 同步 ID: 9663d44d @ Sun Jul 26 01:02:35 UTC 2026
// 同步 ID: 2f8156e4 @ Sun Jul 26 04:27:39 UTC 2026
// 重构日志: bafe4614
// 重构日志: 56851a29
// 重构日志: 511b8e72
// 重构日志: c20ed4b6
// 重构日志: 162eaff8
// 同步 ID: 4a821684 @ Wed Jul 29 15:12:21 UTC 2026
// 重构日志: f5822161
// 同步 ID: 50ee4997 @ Thu Jul 30 09:48:50 UTC 2026
// 同步 ID: aeb61aa5 @ Thu Jul 30 12:11:46 UTC 2026
// 同步 ID: bc9cfdfd @ Fri Jul 31 00:33:06 UTC 2026
// 重构日志: bf247ebb
// 同步 ID: 7c968116 @ Sat Aug  1 12:31:13 UTC 2026
// 同步 ID: 5b076574 @ Sun Aug  2 00:49:46 UTC 2026
// 重构日志: 469001bf
// 同步 ID: b2a05752 @ Mon Aug  3 04:09:49 UTC 2026
// 重构日志: 8c6ecc8e
// 同步 ID: b633fdd3 @ Tue Aug  4 04:24:45 UTC 2026
// 重构日志: 6f76a4c9
// 同步 ID: 2bafbce8 @ Thu Aug  6 13:07:03 UTC 2026
// 同步 ID: 42fd63b7 @ Fri Aug  7 14:12:51 UTC 2026
// 同步 ID: f53ff159 @ Sat Aug  8 04:59:35 UTC 2026
// 同步 ID: 278c542b @ Sat Aug  8 10:04:21 UTC 2026
// 重构日志: 98743afb
